// Jest Snapshot v1, https://goo.gl/fbAQLP

exports[`Transform Colors 1`] = `".red { color: red; }"`;
